       Fresh unicode-ident v1.0.24
       Fresh proc-macro2 v1.0.106
       Fresh cfg-if v1.0.4
       Fresh pin-project-lite v0.2.17
       Fresh version_check v0.9.5
       Fresh memchr v2.8.0
       Fresh once_cell v1.21.4
       Fresh futures-core v0.3.32
       Fresh quote v1.0.45
       Fresh windows-link v0.2.1
       Fresh futures-sink v0.3.32
       Fresh futures-io v0.3.32
       Fresh itoa v1.0.18
       Fresh futures-task v0.3.32
       Fresh syn v2.0.117
       Fresh futures-channel v0.3.32
       Fresh slab v0.4.12
       Fresh serde_derive v1.0.228
       Fresh futures-macro v0.3.32
       Fresh synstructure v0.13.2
       Fresh futures-util v0.3.32
       Fresh rustversion v1.0.22
       Fresh zerofrom-derive v0.1.7
       Fresh bytes v1.11.1
       Fresh yoke-derive v0.8.2
       Fresh zerofrom v0.1.7
       Fresh thiserror-impl v1.0.69
       Fresh stable_deref_trait v1.2.1
       Fresh scopeguard v1.2.0
       Fresh wasm-bindgen-shared v0.2.118
       Fresh zerovec-derive v0.11.3
       Fresh bumpalo v3.20.2
       Fresh lock_api v0.4.14
       Fresh thiserror v1.0.69
       Fresh yoke v0.8.2
       Fresh wasm-bindgen-macro-support v0.2.118
       Fresh http v1.4.0
       Fresh displaydoc v0.2.5
       Fresh zerovec v0.11.6
       Fresh zerocopy-derive v0.8.48
       Fresh log v0.4.29
       Fresh wasm-bindgen-macro v0.2.118
       Fresh tracing-attributes v0.1.31
       Fresh smallvec v1.15.1
       Fresh zerocopy v0.8.48
       Fresh wasm-bindgen v0.2.118
       Fresh tinystr v0.8.3
       Fresh writeable v0.6.3
       Fresh litemap v0.8.2
       Fresh potential_utf v0.1.5
       Fresh zerotrie v0.2.4
       Fresh icu_locale_core v2.2.0
       Fresh js-sys v0.3.95
       Fresh percent-encoding v2.3.2
       Fresh utf8_iter v1.0.4
       Fresh icu_provider v2.2.0
       Fresh icu_collections v2.2.0
       Fresh zmij v1.0.21
       Fresh icu_properties_data v2.2.0
       Fresh icu_normalizer_data v2.2.0
       Fresh equivalent v1.0.2
       Fresh hashbrown v0.17.0
       Fresh form_urlencoded v1.2.2
       Fresh icu_normalizer v2.2.0
       Fresh serde_json v1.0.149
       Fresh indexmap v2.14.0
       Fresh icu_properties v2.2.0
       Fresh unicode-segmentation v1.13.2
       Fresh typenum v1.19.0
       Fresh web-sys v0.3.95
       Fresh idna_adapter v1.2.1
       Fresh convert_case v0.6.0
       Fresh unicode-xid v0.2.6
       Fresh wasm-bindgen-futures v0.4.68
       Fresh socket2 v0.6.3
       Fresh mio v1.2.0
       Fresh const_format_proc_macros v0.2.34
       Fresh generic-array v0.14.7
       Fresh idna v1.1.0
       Fresh tokio-macros v2.7.0
       Fresh const_format v0.2.35
       Fresh proc-macro-error-attr v1.0.4
       Fresh url v2.5.8
       Fresh tokio v1.52.0
       Fresh proc-macro-utils v0.8.0
       Fresh proc-macro-utils v0.10.0
       Fresh futures-executor v0.3.32
       Fresh pin-project-internal v1.1.11
       Fresh windows-sys v0.61.2
       Fresh aho-corasick v1.1.4
       Fresh getrandom v0.2.17
       Fresh regex-syntax v0.8.10
       Fresh xxhash-rust v0.8.15
       Fresh winapi-util v0.1.11
       Fresh rand_core v0.6.4
       Fresh futures v0.3.32
       Fresh server_fn_macro v0.6.15
       Fresh regex-automata v0.4.14
       Fresh pin-project v1.1.11
       Fresh manyhow-macros v0.10.4
       Fresh quote-use-macros v0.8.4
       Fresh proc-macro-error v1.0.4
       Fresh httparse v1.10.1
       Fresh block-buffer v0.10.4
       Fresh crypto-common v0.1.7
       Fresh ppv-lite86 v0.2.21
       Fresh half v2.7.1
       Fresh ciborium-io v0.2.2
       Fresh hashbrown v0.14.5
       Fresh yansi v1.0.1
       Fresh base64 v0.22.1
       Fresh ciborium-ll v0.2.2
       Fresh rand_chacha v0.3.1
       Fresh proc-macro2-diagnostics v0.10.1
       Fresh dashmap v5.5.3
       Fresh digest v0.10.7
       Fresh serde_core v1.0.228
       Fresh syn_derive v0.1.8
       Fresh quote-use v0.8.4
       Fresh manyhow v0.10.4
       Fresh anyhow v1.0.102
       Fresh getrandom v0.4.2
       Fresh same-file v1.0.6
       Fresh gloo-utils v0.2.0
       Fresh serde-wasm-bindgen v0.6.5
       Fresh parking_lot_core v0.9.12
       Fresh http-body v1.0.1
       Fresh serde_spanned v0.6.9
       Fresh toml_datetime v0.6.11
       Fresh either v1.15.0
       Fresh interpolator v0.5.0
       Fresh utf8-width v0.1.8
       Fresh toml_write v0.1.2
       Fresh tower-service v0.3.3
       Fresh collection_literals v1.0.3
       Fresh lazy_static v1.5.0
       Fresh winnow v0.7.15
       Fresh cpufeatures v0.2.17
       Fresh html-escape v0.2.13
       Fresh itertools v0.12.1
       Fresh attribute-derive-macro v0.9.2
       Fresh toml_edit v0.22.27
       Fresh sha1 v0.10.6
       Fresh parking_lot v0.12.5
       Fresh walkdir v2.5.0
       Fresh uuid v1.23.1
       Fresh gloo-net v0.6.0
       Fresh rstml v0.11.2
       Fresh serde v1.0.228
       Fresh camino v1.2.2
       Fresh paste v1.0.15
       Fresh rand v0.8.5
       Fresh ciborium v0.2.2
       Fresh slotmap v1.1.1
       Fresh server_fn_macro_default v0.6.15
       Fresh wasm-streams v0.4.2
       Fresh serde_qs v0.12.0
       Fresh oco_ref v0.1.1
       Fresh derive-where v1.6.1
       Fresh proc-macro-error-attr2 v2.0.0
       Fresh tracing-core v0.1.36
       Fresh send_wrapper v0.6.0
       Fresh byteorder v1.5.0
       Fresh utf-8 v0.7.6
       Fresh rustc-hash v1.1.0
       Fresh data-encoding v2.10.0
       Fresh tower-layer v0.3.3
       Fresh minimal-lexical v0.2.1
       Fresh self_cell v1.2.2
       Fresh server_fn v0.6.15
       Fresh proc-macro-error2 v2.0.1
       Fresh tracing v0.1.44
       Fresh nom v7.1.3
       Fresh leptos_reactive v0.6.15
       Fresh attribute-derive v0.9.2
       Fresh leptos_hot_reload v0.6.15
       Fresh toml v0.8.23
       Fresh prettyplease v0.2.37
       Fresh typed-builder-macro v0.18.2
       Fresh pathdiff v0.2.3
       Fresh mime v0.3.17
       Fresh httpdate v1.0.3
       Fresh unicase v2.9.0
       Fresh config v0.14.1
       Fresh typed-builder v0.18.2
       Fresh leptos_macro v0.6.15
       Fresh http-body-util v0.1.3
       Fresh regex v1.12.3
       Fresh async-recursion v1.1.1
       Fresh pad-adapter v0.1.1
       Fresh drain_filter_polyfill v0.1.3
       Fresh atomic-waker v1.1.2
       Fresh inventory v0.3.24
       Fresh sync_wrapper v1.0.2
       Fresh leptos_config v0.6.15
       Fresh leptos_server v0.6.15
       Fresh hyper v1.9.0
       Fresh leptos_dom v0.6.15
       Fresh tungstenite v0.24.0
       Fresh console_error_panic_hook v0.1.7
       Fresh flashcut-shared v0.1.0 (H:\rust wasm video cutter\crates\shared)
       Fresh async-trait v0.1.89
       Fresh ryu v1.0.23
       Fresh axum-core v0.4.5
       Fresh tokio-tungstenite v0.24.0
       Fresh mime_guess v2.0.5
       Fresh leptos v0.6.15
       Dirty flashcut-core-wasm v0.1.0 (H:\rust wasm video cutter\crates\core-wasm): dependency info changed
   Compiling flashcut-core-wasm v0.1.0 (H:\rust wasm video cutter\crates\core-wasm)
       Fresh hyper-util v0.1.20
       Fresh tower v0.5.3
       Fresh serde_urlencoded v0.7.1
       Fresh tungstenite v0.21.0
       Fresh sharded-slab v0.1.7
       Fresh matchers v0.2.0
       Fresh tokio-util v0.7.18
       Fresh gloo-timers v0.3.0
       Fresh nu-ansi-term v0.50.3
     Running `C:\Users\BigBr\.rustup\toolchains\stable-x86_64-pc-windows-msvc\bin\rustc.exe --crate-name flashcut_core_wasm --edition=2021 crates\core-wasm\src\lib.rs --error-format=json --json=diagnostic-rendered-ansi,artifacts,future-incompat --crate-type cdylib --crate-type rlib --emit=dep-info,link -C embed-bitcode=no -C debuginfo=2 --check-cfg cfg(docsrs,test) --check-cfg "cfg(feature, values())" -C metadata=e9db80d2fc9aa36b --out-dir C:\flashcut_target\debug\deps -C incremental=C:\flashcut_target\debug\incremental -L dependency=C:\flashcut_target\debug\deps --extern console_error_panic_hook=C:\flashcut_target\debug\deps\libconsole_error_panic_hook-ad51eecc3fe17f2c.rlib --extern js_sys=C:\flashcut_target\debug\deps\libjs_sys-43c6de9e46b4a9e5.rlib --extern serde=C:\flashcut_target\debug\deps\libserde-e81f4d2d0343f515.rlib --extern serde_wasm_bindgen=C:\flashcut_target\debug\deps\libserde_wasm_bindgen-29dd9b5e9febe0d7.rlib --extern serde_json=C:\flashcut_target\debug\deps\libserde_json-77773a074eb64e72.rlib --extern thiserror=C:\flashcut_target\debug\deps\libthiserror-686c55fab7d2fea9.rlib --extern wasm_bindgen=C:\flashcut_target\debug\deps\libwasm_bindgen-798d99263369103d.rlib --extern wasm_bindgen_futures=C:\flashcut_target\debug\deps\libwasm_bindgen_futures-ce100fdd5d92a969.rlib --extern web_sys=C:\flashcut_target\debug\deps\libweb_sys-5a226f84e7900026.rlib -C debuginfo=0`
       Fresh tracing-log v0.2.0
       Fresh serde_path_to_error v0.1.20
       Fresh axum-macros v0.4.2
       Fresh thread_local v1.1.9
       Fresh bitflags v2.11.1
       Fresh matchit v0.7.3
       Fresh http-range-header v0.4.2
       Fresh tracing-subscriber v0.3.23
       Fresh axum v0.7.9
       Fresh tower-http v0.5.2
       Fresh tokio-tungstenite v0.21.0
       Fresh tower v0.4.13
       Dirty flashcut-backend v0.1.0 (H:\rust wasm video cutter\crates\backend): dependency info changed
   Compiling flashcut-backend v0.1.0 (H:\rust wasm video cutter\crates\backend)
     Running `C:\Users\BigBr\.rustup\toolchains\stable-x86_64-pc-windows-msvc\bin\rustc.exe --crate-name flashcut_server --edition=2021 crates\backend\src\main.rs --error-format=json --json=diagnostic-rendered-ansi,artifacts,future-incompat --crate-type bin --emit=dep-info,link -C embed-bitcode=no -C debuginfo=2 --check-cfg cfg(docsrs,test) --check-cfg "cfg(feature, values())" -C metadata=e5412ef5faa17804 --out-dir C:\flashcut_target\debug\deps -C incremental=C:\flashcut_target\debug\incremental -L dependency=C:\flashcut_target\debug\deps --extern anyhow=C:\flashcut_target\debug\deps\libanyhow-1205ddf48e9088ce.rlib --extern axum=C:\flashcut_target\debug\deps\libaxum-4c1a7e93caa8cb42.rlib --extern dashmap=C:\flashcut_target\debug\deps\libdashmap-d89e971a9a22622e.rlib --extern flashcut_shared=C:\flashcut_target\debug\deps\libflashcut_shared-cb93c86eb5839352.rlib --extern futures=C:\flashcut_target\debug\deps\libfutures-8cfbac4cf8e44244.rlib --extern serde=C:\flashcut_target\debug\deps\libserde-e81f4d2d0343f515.rlib --extern serde_json=C:\flashcut_target\debug\deps\libserde_json-77773a074eb64e72.rlib --extern thiserror=C:\flashcut_target\debug\deps\libthiserror-686c55fab7d2fea9.rlib --extern tokio=C:\flashcut_target\debug\deps\libtokio-cb2e6ad3a17eafa4.rlib --extern tokio_tungstenite=C:\flashcut_target\debug\deps\libtokio_tungstenite-180afcfd1ccaa2f6.rlib --extern tower=C:\flashcut_target\debug\deps\libtower-4ecaa8ed97f8aa6a.rlib --extern tower_http=C:\flashcut_target\debug\deps\libtower_http-46350060979355a6.rlib --extern tracing=C:\flashcut_target\debug\deps\libtracing-11089dad0a45b342.rlib --extern tracing_subscriber=C:\flashcut_target\debug\deps\libtracing_subscriber-30872385ca1ce76d.rlib --extern uuid=C:\flashcut_target\debug\deps\libuuid-61e95ba20d0f9d09.rlib -C debuginfo=0`
warning: unused import: `crate::webcodecs::EncodedVideoChunk`
 --> crates\core-wasm\src\encoder.rs:1:5
  |
1 | use crate::webcodecs::EncodedVideoChunk;
  |     ^^^^^^^^^^^^^^^^^^^^^^^^^^^^^^^^^^^
  |
  = note: `#[warn(unused_imports)]` (part of `#[warn(unused)]`) on by default

warning: variable does not need to be mutable
   --> crates\core-wasm\src\encoder.rs:129:9
    |
129 |     let mut blob_parts = web_sys::BlobPropertyBag::new();
    |         ----^^^^^^^^^^
    |         |
    |         help: remove this `mut`
    |
    = note: `#[warn(unused_mut)]` (part of `#[warn(unused)]`) on by default

warning: unused import: `Deserialize`
  --> crates\backend\src\handlers.rs:12:13
   |
12 | use serde::{Deserialize, Serialize};
   |             ^^^^^^^^^^^
   |
   = note: `#[warn(unused_imports)]` (part of `#[warn(unused)]`) on by default

warning: constant `MAX_PARTICIPANTS` is never used
 --> crates\backend\src\session.rs:7:11
  |
7 | pub const MAX_PARTICIPANTS: usize = 10;
  |           ^^^^^^^^^^^^^^^^
  |
  = note: `#[warn(dead_code)]` (part of `#[warn(unused)]`) on by default

warning: `flashcut-core-wasm` (lib) generated 2 warnings (run `cargo fix --lib -p flashcut-core-wasm` to apply 2 suggestions)
       Dirty flashcut-frontend v0.1.0 (H:\rust wasm video cutter\crates\frontend): dependency info changed
   Compiling flashcut-frontend v0.1.0 (H:\rust wasm video cutter\crates\frontend)
     Running `C:\Users\BigBr\.rustup\toolchains\stable-x86_64-pc-windows-msvc\bin\rustc.exe --crate-name flashcut_frontend --edition=2021 crates\frontend\src\main.rs --error-format=json --json=diagnostic-rendered-ansi,artifacts,future-incompat --crate-type bin --emit=dep-info,link -C embed-bitcode=no -C debuginfo=2 --check-cfg cfg(docsrs,test) --check-cfg "cfg(feature, values())" -C metadata=8dd5554b4d8ccf10 --out-dir C:\flashcut_target\debug\deps -C incremental=C:\flashcut_target\debug\incremental -L dependency=C:\flashcut_target\debug\deps --extern console_error_panic_hook=C:\flashcut_target\debug\deps\libconsole_error_panic_hook-ad51eecc3fe17f2c.rlib --extern flashcut_core_wasm=C:\flashcut_target\debug\deps\libflashcut_core_wasm.rlib --extern flashcut_shared=C:\flashcut_target\debug\deps\libflashcut_shared-cb93c86eb5839352.rlib --extern gloo_timers=C:\flashcut_target\debug\deps\libgloo_timers-60298c2d80aa7a36.rlib --extern js_sys=C:\flashcut_target\debug\deps\libjs_sys-43c6de9e46b4a9e5.rlib --extern leptos=C:\flashcut_target\debug\deps\libleptos-b627bcd9bc87c57e.rlib --extern serde=C:\flashcut_target\debug\deps\libserde-e81f4d2d0343f515.rlib --extern serde_json=C:\flashcut_target\debug\deps\libserde_json-77773a074eb64e72.rlib --extern wasm_bindgen=C:\flashcut_target\debug\deps\libwasm_bindgen-798d99263369103d.rlib --extern wasm_bindgen_futures=C:\flashcut_target\debug\deps\libwasm_bindgen_futures-ce100fdd5d92a969.rlib --extern web_sys=C:\flashcut_target\debug\deps\libweb_sys-5a226f84e7900026.rlib -C debuginfo=0`
     Running `C:\Users\BigBr\.rustup\toolchains\stable-x86_64-pc-windows-msvc\bin\rustc.exe --crate-name flashcut_frontend_wasm --edition=2021 crates\frontend\src\lib.rs --error-format=json --json=diagnostic-rendered-ansi,artifacts,future-incompat --crate-type cdylib --emit=dep-info,link -C embed-bitcode=no -C debuginfo=2 --check-cfg cfg(docsrs,test) --check-cfg "cfg(feature, values())" -C metadata=e9231d20e7cdb635 --out-dir C:\flashcut_target\debug\deps -C incremental=C:\flashcut_target\debug\incremental -L dependency=C:\flashcut_target\debug\deps --extern console_error_panic_hook=C:\flashcut_target\debug\deps\libconsole_error_panic_hook-ad51eecc3fe17f2c.rlib --extern flashcut_core_wasm=C:\flashcut_target\debug\deps\libflashcut_core_wasm.rlib --extern flashcut_shared=C:\flashcut_target\debug\deps\libflashcut_shared-cb93c86eb5839352.rlib --extern gloo_timers=C:\flashcut_target\debug\deps\libgloo_timers-60298c2d80aa7a36.rlib --extern js_sys=C:\flashcut_target\debug\deps\libjs_sys-43c6de9e46b4a9e5.rlib --extern leptos=C:\flashcut_target\debug\deps\libleptos-b627bcd9bc87c57e.rlib --extern serde=C:\flashcut_target\debug\deps\libserde-e81f4d2d0343f515.rlib --extern serde_json=C:\flashcut_target\debug\deps\libserde_json-77773a074eb64e72.rlib --extern wasm_bindgen=C:\flashcut_target\debug\deps\libwasm_bindgen-798d99263369103d.rlib --extern wasm_bindgen_futures=C:\flashcut_target\debug\deps\libwasm_bindgen_futures-ce100fdd5d92a969.rlib --extern web_sys=C:\flashcut_target\debug\deps\libweb_sys-5a226f84e7900026.rlib -C debuginfo=0`
warning: unused imports: `Array`, `Function`, `Object`, and `Reflect`
 --> crates\frontend\src\components\toolbar.rs:3:14
  |
3 | use js_sys::{Array, Function, Object, Reflect};
  |              ^^^^^  ^^^^^^^^  ^^^^^^  ^^^^^^^
  |
  = note: `#[warn(unused_imports)]` (part of `#[warn(unused)]`) on by default

warning: unused import: `JsCast`
 --> crates\frontend\src\components\toolbar.rs:5:20
  |
5 | use wasm_bindgen::{JsCast, JsValue};
  |                    ^^^^^^

warning: unused imports: `HtmlAnchorElement`, `HtmlVideoElement`, and `Url`
 --> crates\frontend\src\components\toolbar.rs:7:15
  |
7 | use web_sys::{HtmlAnchorElement, HtmlVideoElement, Url};
  |               ^^^^^^^^^^^^^^^^^  ^^^^^^^^^^^^^^^^  ^^^

warning: unused import: `leptos::*`
 --> crates\frontend\src\main.rs:1:5
  |
1 | use leptos::*;
  |     ^^^^^^^^^
  |
  = note: `#[warn(unused_imports)]` (part of `#[warn(unused)]`) on by default

warning: unused imports: `Array`, `Function`, `Object`, and `Reflect`
 --> crates\frontend\src\components\toolbar.rs:3:14
  |
3 | use js_sys::{Array, Function, Object, Reflect};
  |              ^^^^^  ^^^^^^^^  ^^^^^^  ^^^^^^^

warning: `flashcut-frontend` (lib) generated 3 warnings (run `cargo fix --lib -p flashcut-frontend` to apply 3 suggestions)
warning: `flashcut-frontend` (bin "flashcut-frontend") generated 4 warnings (2 duplicates) (run `cargo fix --bin "flashcut-frontend" -p flashcut-frontend` to apply 2 suggestions)
warning: `flashcut-backend` (bin "flashcut-server") generated 2 warnings (run `cargo fix --bin "flashcut-server" -p flashcut-backend` to apply 1 suggestion)
    Finished `dev` profile [unoptimized + debuginfo] target(s) in 3.18s
