    Blocking waiting for file lock on artifact directory
   Compiling flashcut-core-wasm v0.1.0 (H:\rust wasm video cutter\crates\core-wasm)
warning: unused import: `crate::webcodecs::EncodedVideoChunk`
 --> crates\core-wasm\src\encoder.rs:1:5
  |
1 | use crate::webcodecs::EncodedVideoChunk;
  |     ^^^^^^^^^^^^^^^^^^^^^^^^^^^^^^^^^^^
  |
  = note: `#[warn(unused_imports)]` (part of `#[warn(unused)]`) on by default

warning: variable does not need to be mutable
   --> crates\core-wasm\src\encoder.rs:129:9
    |
129 |     let mut blob_parts = web_sys::BlobPropertyBag::new();
    |         ----^^^^^^^^^^
    |         |
    |         help: remove this `mut`
    |
    = note: `#[warn(unused_mut)]` (part of `#[warn(unused)]`) on by default

warning: `flashcut-core-wasm` (lib) generated 2 warnings (run `cargo fix --lib -p flashcut-core-wasm` to apply 2 suggestions)
   Compiling flashcut-frontend v0.1.0 (H:\rust wasm video cutter\crates\frontend)
warning: unused import: `leptos::*`
 --> crates\frontend\src\main.rs:1:5
  |
1 | use leptos::*;
  |     ^^^^^^^^^
  |
  = note: `#[warn(unused_imports)]` (part of `#[warn(unused)]`) on by default

warning: unused imports: `Array`, `Function`, `Object`, and `Reflect`
 --> crates\frontend\src\components\toolbar.rs:3:14
  |
3 | use js_sys::{Array, Function, Object, Reflect};
  |              ^^^^^  ^^^^^^^^  ^^^^^^  ^^^^^^^
  |
  = note: `#[warn(unused_imports)]` (part of `#[warn(unused)]`) on by default

warning: unused import: `JsCast`
 --> crates\frontend\src\components\toolbar.rs:5:20
  |
5 | use wasm_bindgen::{JsCast, JsValue};
  |                    ^^^^^^

warning: unused imports: `HtmlAnchorElement`, `HtmlVideoElement`, and `Url`
 --> crates\frontend\src\components\toolbar.rs:7:15
  |
7 | use web_sys::{HtmlAnchorElement, HtmlVideoElement, Url};
  |               ^^^^^^^^^^^^^^^^^  ^^^^^^^^^^^^^^^^  ^^^

warning: unused imports: `Array`, `Function`, `Object`, and `Reflect`
 --> crates\frontend\src\components\toolbar.rs:3:14
  |
3 | use js_sys::{Array, Function, Object, Reflect};
  |              ^^^^^  ^^^^^^^^  ^^^^^^  ^^^^^^^

warning: `flashcut-frontend` (lib) generated 3 warnings (run `cargo fix --lib -p flashcut-frontend` to apply 3 suggestions)
warning: `flashcut-frontend` (bin "flashcut-frontend") generated 4 warnings (2 duplicates) (run `cargo fix --bin "flashcut-frontend" -p flashcut-frontend` to apply 2 suggestions)
    Finished `dev` profile [unoptimized + debuginfo] target(s) in 8m 24s
