warning: output filename collision at C:\temp\flashcut_target\debug\deps\flashcut_frontend.pdb
  |
  = note: the bin target `flashcut-frontend` in package `flashcut-frontend v0.1.0 (H:\rust wasm video cutter\crates\frontend)` has the same output filename as the lib target `flashcut_frontend` in package `flashcut-frontend v0.1.0 (H:\rust wasm video cutter\crates\frontend)`
  = note: if this looks unexpected, it may be a bug in Cargo. Please file a bug report at https://github.com/rust-lang/cargo/issues/ with as much information as you can provide.
  = note: cargo 1.93.1 (083ac5135 2025-12-15) running on `x86_64-pc-windows-msvc` target `x86_64-pc-windows-msvc`
  = note: first unit: Unit { pkg: Package { id: PackageId { name: "flashcut-frontend", version: "0.1.0", source: "H:\\rust wasm video cutter\\crates\\frontend" }, ..: ".." }, target: TargetInner { name: "flashcut-frontend", doc: true, ..: with_path("H:\\rust wasm video cutter\\crates\\frontend\\src\\main.rs", Edition2021) }, profile: Profile { ..: default_dev() }, kind: Host, mode: Build, features: [], rustflags: [], rustdocflags: [], links_overrides: {}, artifact: false, artifact_target_for_features: None, is_std: false, dep_hash: 16027788468162128884 }
  = note: second unit: Unit { pkg: Package { id: PackageId { name: "flashcut-frontend", version: "0.1.0", source: "H:\\rust wasm video cutter\\crates\\frontend" }, ..: ".." }, target: TargetInner { name_inferred: true, ..: lib_target("flashcut_frontend", ["cdylib"], "H:\\rust wasm video cutter\\crates\\frontend\\src\\lib.rs", Edition2021) }, profile: Profile { ..: default_dev() }, kind: Host, mode: Build, features: [], rustflags: [], rustdocflags: [], links_overrides: {}, artifact: false, artifact_target_for_features: None, is_std: false, dep_hash: 16027788468162128884 }
warning: output filename collision at C:\temp\flashcut_target\debug\flashcut_frontend.pdb
  |
  = note: the bin target `flashcut-frontend` in package `flashcut-frontend v0.1.0 (H:\rust wasm video cutter\crates\frontend)` has the same output filename as the lib target `flashcut_frontend` in package `flashcut-frontend v0.1.0 (H:\rust wasm video cutter\crates\frontend)`
  = note: if this looks unexpected, it may be a bug in Cargo. Please file a bug report at https://github.com/rust-lang/cargo/issues/ with as much information as you can provide.
  = note: cargo 1.93.1 (083ac5135 2025-12-15) running on `x86_64-pc-windows-msvc` target `x86_64-pc-windows-msvc`
  = note: first unit: Unit { pkg: Package { id: PackageId { name: "flashcut-frontend", version: "0.1.0", source: "H:\\rust wasm video cutter\\crates\\frontend" }, ..: ".." }, target: TargetInner { name: "flashcut-frontend", doc: true, ..: with_path("H:\\rust wasm video cutter\\crates\\frontend\\src\\main.rs", Edition2021) }, profile: Profile { ..: default_dev() }, kind: Host, mode: Build, features: [], rustflags: [], rustdocflags: [], links_overrides: {}, artifact: false, artifact_target_for_features: None, is_std: false, dep_hash: 16027788468162128884 }
  = note: second unit: Unit { pkg: Package { id: PackageId { name: "flashcut-frontend", version: "0.1.0", source: "H:\\rust wasm video cutter\\crates\\frontend" }, ..: ".." }, target: TargetInner { name_inferred: true, ..: lib_target("flashcut_frontend", ["cdylib"], "H:\\rust wasm video cutter\\crates\\frontend\\src\\lib.rs", Edition2021) }, profile: Profile { ..: default_dev() }, kind: Host, mode: Build, features: [], rustflags: [], rustdocflags: [], links_overrides: {}, artifact: false, artifact_target_for_features: None, is_std: false, dep_hash: 16027788468162128884 }
   Compiling proc-macro2 v1.0.106
   Compiling unicode-ident v1.0.24
   Compiling quote v1.0.45
   Compiling cfg-if v1.0.4
   Compiling pin-project-lite v0.2.17
   Compiling version_check v0.9.5
   Compiling memchr v2.8.0
   Compiling futures-core v0.3.32
   Compiling once_cell v1.21.4
   Compiling windows-link v0.2.1
   Compiling futures-sink v0.3.32
   Compiling serde_core v1.0.228
   Compiling futures-channel v0.3.32
   Compiling serde v1.0.228
   Compiling futures-io v0.3.32
   Compiling itoa v1.0.18
   Compiling slab v0.4.12
   Compiling futures-task v0.3.32
   Compiling rustversion v1.0.22
   Compiling smallvec v1.15.1
   Compiling parking_lot_core v0.9.12
   Compiling bytes v1.11.1
   Compiling wasm-bindgen-shared v0.2.118
   Compiling thiserror v1.0.69
   Compiling stable_deref_trait v1.2.1
   Compiling scopeguard v1.2.0
   Compiling lock_api v0.4.14
   Compiling bumpalo v3.20.2
   Compiling zerocopy v0.8.48
   Compiling http v1.4.0
   Compiling syn v2.0.117
   Compiling log v0.4.29
   Compiling litemap v0.8.2
   Compiling writeable v0.6.3
   Compiling tracing-core v0.1.36
   Compiling wasm-bindgen v0.2.118
   Compiling percent-encoding v2.3.2
   Compiling icu_properties_data v2.2.0
   Compiling icu_normalizer_data v2.2.0
   Compiling utf8_iter v1.0.4
   Compiling zmij v1.0.21
   Compiling windows-sys v0.61.2
   Compiling serde_json v1.0.149
   Compiling hashbrown v0.17.0
   Compiling equivalent v1.0.2
   Compiling typenum v1.19.0
   Compiling form_urlencoded v1.2.2
   Compiling generic-array v0.14.7
   Compiling unicode-segmentation v1.13.2
   Compiling proc-macro-error-attr v1.0.4
   Compiling indexmap v2.14.0
   Compiling convert_case v0.6.0
   Compiling unicode-xid v0.2.6
   Compiling parking_lot v0.12.5
   Compiling synstructure v0.13.2
   Compiling wasm-bindgen-macro-support v0.2.118
   Compiling const_format_proc_macros v0.2.34
   Compiling mio v1.2.0
   Compiling socket2 v0.6.3
   Compiling proc-macro-error v1.0.4
   Compiling httparse v1.10.1
   Compiling proc-macro-utils v0.10.0
   Compiling proc-macro-utils v0.8.0
   Compiling serde_derive v1.0.228
   Compiling futures-macro v0.3.32
   Compiling zerofrom-derive v0.1.7
   Compiling thiserror-impl v1.0.69
   Compiling yoke-derive v0.8.2
   Compiling zerovec-derive v0.11.3
   Compiling displaydoc v0.2.5
   Compiling futures-util v0.3.32
   Compiling zerocopy-derive v0.8.48
   Compiling wasm-bindgen-macro v0.2.118
   Compiling zerofrom v0.1.7
   Compiling tracing-attributes v0.1.31
   Compiling tokio-macros v2.7.0
   Compiling yoke v0.8.2
   Compiling zerovec v0.11.6
   Compiling zerotrie v0.2.4
   Compiling tinystr v0.8.3
   Compiling js-sys v0.3.95
   Compiling potential_utf v0.1.5
   Compiling futures-executor v0.3.32
   Compiling icu_locale_core v2.2.0
   Compiling icu_collections v2.2.0
   Compiling tokio v1.52.0
   Compiling tracing v0.1.44
   Compiling const_format v0.2.35
   Compiling pin-project-internal v1.1.11
   Compiling icu_provider v2.2.0
   Compiling proc-macro2-diagnostics v0.10.1
   Compiling aho-corasick v1.1.4
   Compiling icu_properties v2.2.0
   Compiling icu_normalizer v2.2.0
   Compiling getrandom v0.2.17
   Compiling idna_adapter v1.2.1
   Compiling anyhow v1.0.102
   Compiling web-sys v0.3.95
   Compiling wasm-bindgen-futures v0.4.68
   Compiling idna v1.1.0
   Compiling regex-syntax v0.8.10
   Compiling xxhash-rust v0.8.15
   Compiling getrandom v0.4.2
   Compiling url v2.5.8
   Compiling server_fn_macro v0.6.15
   Compiling regex-automata v0.4.14
   Compiling half v2.7.1
   Compiling ppv-lite86 v0.2.21
   Compiling winapi-util v0.1.11
   Compiling rand_core v0.6.4
   Compiling pin-project v1.1.11
   Compiling futures v0.3.32
   Compiling quote-use-macros v0.8.4
   Compiling manyhow-macros v0.10.4
   Compiling block-buffer v0.10.4
   Compiling crypto-common v0.1.7
   Compiling slotmap v1.1.1
   Compiling camino v1.2.2
   Compiling hashbrown v0.14.5
   Compiling yansi v1.0.1
   Compiling base64 v0.22.1
   Compiling ciborium-io v0.2.2
   Compiling paste v1.0.15
   Compiling dashmap v5.5.3
   Compiling ciborium-ll v0.2.2
   Compiling manyhow v0.10.4
   Compiling quote-use v0.8.4
   Compiling digest v0.10.7
   Compiling syn_derive v0.1.8
   Compiling rand_chacha v0.3.1
   Compiling same-file v1.0.6
   Compiling serde-wasm-bindgen v0.6.5
   Compiling toml_datetime v0.6.11
   Compiling serde_spanned v0.6.9
   Compiling http-body v1.0.1
   Compiling either v1.15.0
   Compiling utf8-width v0.1.8
   Compiling tower-service v0.3.3
   Compiling toml_write v0.1.2
   Compiling winnow v0.7.15
   Compiling lazy_static v1.5.0
   Compiling prettyplease v0.2.37
   Compiling cpufeatures v0.2.17
   Compiling collection_literals v1.0.3
   Compiling interpolator v0.5.0
   Compiling itertools v0.12.1
   Compiling sha1 v0.10.6
   Compiling html-escape v0.2.13
   Compiling rstml v0.11.2
   Compiling attribute-derive-macro v0.9.2
   Compiling uuid v1.23.1
   Compiling rand v0.8.5
   Compiling walkdir v2.5.0
   Compiling toml_edit v0.22.27
   Compiling ciborium v0.2.2
   Compiling server_fn_macro_default v0.6.15
   Compiling oco_ref v0.1.1
   Compiling gloo-utils v0.2.0
   Compiling serde_qs v0.12.0
   Compiling derive-where v1.6.1
   Compiling gloo-net v0.6.0
   Compiling proc-macro-error-attr2 v2.0.0
   Compiling send_wrapper v0.6.0
   Compiling self_cell v1.2.2
   Compiling data-encoding v2.10.0
   Compiling utf-8 v0.7.6
   Compiling minimal-lexical v0.2.1
   Compiling rustc-hash v1.1.0
   Compiling byteorder v1.5.0
   Compiling tower-layer v0.3.3
   Compiling leptos_reactive v0.6.15
   Compiling nom v7.1.3
   Compiling proc-macro-error2 v2.0.1
   Compiling toml v0.8.23
   Compiling wasm-streams v0.4.2
   Compiling attribute-derive v0.9.2
   Compiling leptos_hot_reload v0.6.15
   Compiling typed-builder-macro v0.18.2
   Compiling httpdate v1.0.3
   Compiling pathdiff v0.2.3
   Compiling server_fn v0.6.15
   Compiling mime v0.3.17
   Compiling unicase v2.9.0
   Compiling mime_guess v2.0.5
   Compiling config v0.14.1
   Compiling http-body-util v0.1.3
   Compiling regex v1.12.3
   Compiling async-recursion v1.1.1
   Compiling pad-adapter v0.1.1
   Compiling atomic-waker v1.1.2
   Compiling inventory v0.3.24
   Compiling leptos_macro v0.6.15
   Compiling sync_wrapper v1.0.2
   Compiling drain_filter_polyfill v0.1.3
   Compiling hyper v1.9.0
   Compiling typed-builder v0.18.2
   Compiling tungstenite v0.24.0
   Compiling console_error_panic_hook v0.1.7
   Compiling leptos_config v0.6.15
   Compiling flashcut-shared v0.1.0 (H:\rust wasm video cutter\crates\shared)
   Compiling async-trait v0.1.89
   Compiling leptos_dom v0.6.15
   Compiling ryu v1.0.23
   Compiling tokio-tungstenite v0.24.0
   Compiling flashcut-core-wasm v0.1.0 (H:\rust wasm video cutter\crates\core-wasm)
warning: unused import: `crate::webcodecs::EncodedVideoChunk`
 --> crates\core-wasm\src\encoder.rs:1:5
  |
1 | use crate::webcodecs::EncodedVideoChunk;
  |     ^^^^^^^^^^^^^^^^^^^^^^^^^^^^^^^^^^^
  |
  = note: `#[warn(unused_imports)]` (part of `#[warn(unused)]`) on by default

warning: variable does not need to be mutable
   --> crates\core-wasm\src\encoder.rs:129:9
    |
129 |     let mut blob_parts = web_sys::BlobPropertyBag::new();
    |         ----^^^^^^^^^^
    |         |
    |         help: remove this `mut`
    |
    = note: `#[warn(unused_mut)]` (part of `#[warn(unused)]`) on by default

   Compiling serde_urlencoded v0.7.1
   Compiling hyper-util v0.1.20
   Compiling axum-core v0.4.5
   Compiling tower v0.5.3
   Compiling leptos_server v0.6.15
   Compiling tungstenite v0.21.0
   Compiling sharded-slab v0.1.7
   Compiling matchers v0.2.0
   Compiling tokio-util v0.7.18
   Compiling gloo-timers v0.3.0
   Compiling axum-macros v0.4.2
   Compiling nu-ansi-term v0.50.3
   Compiling leptos v0.6.15
   Compiling tracing-log v0.2.0
   Compiling serde_path_to_error v0.1.20
   Compiling thread_local v1.1.9
   Compiling bitflags v2.11.1
   Compiling http-range-header v0.4.2
   Compiling matchit v0.7.3
   Compiling tracing-subscriber v0.3.23
   Compiling tower-http v0.5.2
   Compiling tokio-tungstenite v0.21.0
   Compiling tower v0.4.13
   Compiling axum v0.7.9
warning: `flashcut-core-wasm` (lib) generated 2 warnings (run `cargo fix --lib -p flashcut-core-wasm` to apply 2 suggestions)
   Compiling flashcut-frontend v0.1.0 (H:\rust wasm video cutter\crates\frontend)
warning: unused import: `leptos::*`
 --> crates\frontend\src\main.rs:1:5
  |
1 | use leptos::*;
  |     ^^^^^^^^^
  |
  = note: `#[warn(unused_imports)]` (part of `#[warn(unused)]`) on by default

warning: unused variable: `video_clone`
   --> crates\frontend\src\components\toolbar.rs:105:9
    |
105 |     let video_clone = video.clone();
    |         ^^^^^^^^^^^ help: if this is intentional, prefix it with an underscore: `_video_clone`
    |
    = note: `#[warn(unused_variables)]` (part of `#[warn(unused)]`) on by default

error: linking with `link.exe` failed: exit code: 1201
  |
  = note: "C:\\Program Files (x86)\\Microsoft Visual Studio\\2022\\BuildTools\\VC\\Tools\\MSVC\\14.44.35207\\bin\\HostX64\\x64\\link.exe" "/NOLOGO" "C:\\Users\\BigBr\\AppData\\Local\\Temp\\rustcR2HYMT\\symbols.o" "<16 object files omitted>" "C:\\temp\\flashcut_target\\debug\\deps/{libconsole_error_panic_hook-4ec4d06e556f38af,libleptos-e0ab08ed35c869c2,libleptos_server-321a33f47e7a1b3c,libleptos_config-9bb190609614d6a7,libtyped_builder-c1ceca313ac67531,libregex-e922c470c64738cd,libregex_automata-a26b1f117e89d2af,libaho_corasick-c5b4dc4a1828ae39,libregex_syntax-35b8eea190baa77c,libconfig-c0c6b86adfbb5069,libpathdiff-3bf43389a3c950ed,libtoml-c19f182e397bccbe,libtoml_edit-c959e1b1bf91d902,libserde_spanned-6c55c7393f774187,libwinnow-a136293978a92280,libtoml_write-217e0bc284077531,libtoml_datetime-d387523db34b8f6f,libnom-d35f61c5d90893d1,libconvert_case-2f96020124e75541,libunicode_segmentation-4a603e3cbce8c3af,libleptos_dom-0630590bdfaf7039,libhtml_escape-24bbfd9613900277,libutf8_width-fb85386a2ececc51,libpad_adapter-69cc65b1c6c2f7e8,libitertools-499647f57bc33cd4,libeither-728e41f511035caf,libserver_fn-0555688cacf80dae,libserde_qs-b1ac59466f286dc8,libciborium-53e99e39085574c3,libciborium_ll-7533cfe85eeba5c9,libhalf-dc04060c8b1e54f4,libzerocopy-27f64eb20ed7aeee,libciborium_io-c45c04c4e82cc76e,libxxhash_rust-8ea1cdfbadfa3842,libdashmap-eba6c1d9ff0a239d,liblock_api-030d93b541ad9d3a,libscopeguard-cd3b1f2c1ab035dc,libparking_lot_core-c6eb04d5de895df1,libwindows_link-5ee0fa7a3e688947,libhashbrown-7ef91302727e1a97,libconst_format-271c7386f3da72de,libwasm_streams-dd1a150db26bba6d,libgloo_net-6e2de07f124243e8,libwasm_bindgen_futures-cf9b85afa989647a,libgloo_utils-00eb975bdb69d8c2,libweb_sys-435961265226fbf8,libjs_sys-a50dece56d4fde8a,libwasm_bindgen-14a0b14505bfc603,libwasm_bindgen_shared-bfe8942f8c3b5659,libunicode_ident-c961f20e3f88f02b,liburl-7b77956d76690631,libidna-3c575a6348340563,libidna_adapter-92fe91e003a806c9,libicu_properties-98d164b215ad906c,libicu_properties_data-53635d0b83194f8c,libicu_normalizer-c59e07b5af92ede2,libsmallvec-f95bf9f84435d181,libicu_normalizer_data-a8b89b2201d383d3,libicu_collections-17af3501b6106b7a,libutf8_iter-1afe0bd4df6893d8,libpotential_utf-818f30707809fd5c,libicu_provider-a77d3d48098a07ef,libicu_locale_core-69faa8d69ab4f894,libtinystr-b0d060b55c8a976f,liblitemap-fbf34bc2a878e95c,libwriteable-ed24e3c426108b86,libzerovec-d91efbdb3585a8fe,libzerotrie-36010bbd9097c7d3,libyoke-182ea3423b8aecb4,libstable_deref_trait-43eda3c73c719237,libzerofrom-d4dcc1a2cd5310a3,libform_urlencoded-fb08b65ad21c7dee,libpercent_encoding-90d6fd36a0e65c1d,libhttp-1eecdf3c3aee2600,libbytes-19667fedb4ba4a18,libsend_wrapper-bc5c43b120090cee,libleptos_reactive-65d867184b48ee21,libserde_json-6e10fa2ab3645f4e,libitoa-6e5ff90b1c9a445c,libzmij-f826c7a5704d4328,libself_cell-a24544875da24ad8,liboco_ref-034a7b037866cb38,libslotmap-d5996c954225cf68,libserde-2515c44cb1aa2231,libserde_core-504da37bef6817f9,librustc_hash-5cb28d17adb5f44f,libpin_project-50e580d19039a541,libindexmap-341aff46daab76d3,libequivalent-92f1c000624f2a51,libhashbrown-b81cdc27e3ba37c6,libthiserror-d7752212c30dbe31,libfutures-ed722a069f62696a,libfutures_executor-f65d2f95c42b023e,libfutures_util-9d71b4671a8d043a,libmemchr-1700c8f0399e475b,libfutures_io-a01e45e1c948e4df,libslab-9a3b7f1dcfb28663,libfutures_channel-c5f3fd6fb46d1e1a,libfutures_sink-315ce45ed4969704,libfutures_task-3a4eb9817221c29f,libfutures_core-7ce529d7007c3a07,libcfg_if-7226893fe2365613,libtracing-b91c83c4976f8188,liblog-0c144af1e11c33b6,libpin_project_lite-5a75a2e00b7248cd,libtracing_core-42d14f14efa5872c,libonce_cell-4da84406b6047a19}.rlib" "<sysroot>\\lib\\rustlib\\x86_64-pc-windows-msvc\\lib/{libstd-*,libpanic_unwind-*,libcfg_if-*,libwindows_targets-*,librustc_demangle-*,libstd_detect-*,libhashbrown-*,librustc_std_workspace_alloc-*,libunwind-*,librustc_std_workspace_core-*,liballoc-*,libcore-*,libcompiler_builtins-*}.rlib" "kernel32.lib" "kernel32.lib" "kernel32.lib" "ntdll.lib" "userenv.lib" "ws2_32.lib" "dbghelp.lib" "/defaultlib:msvcrt" "/NXCOMPAT" "/OUT:C:\\temp\\flashcut_target\\debug\\deps\\flashcut_frontend.exe" "/OPT:REF,NOICF" "/DEBUG" "/PDBALTPATH:%_PDB%" "/NATVIS:<sysroot>\\lib\\rustlib\\etc\\intrinsic.natvis" "/NATVIS:<sysroot>\\lib\\rustlib\\etc\\liballoc.natvis" "/NATVIS:<sysroot>\\lib\\rustlib\\etc\\libcore.natvis" "/NATVIS:<sysroot>\\lib\\rustlib\\etc\\libstd.natvis"
  = note: some arguments are omitted. use `--verbose` to show all linker arguments
  = note: LINK : fatal error LNK1201: Fehler beim Schreiben in die Programmdatenbank "C:\temp\flashcut_target\debug\deps\flashcut_frontend.pdb"". Möglicherweise ist nicht genügend Festplattenspeicher verfügbar, ist der Pfad ungültig oder reichen die Zugriffsrechte nicht aus.␍
          

warning: `flashcut-frontend` (bin "flashcut-frontend") generated 2 warnings
error: could not compile `flashcut-frontend` (bin "flashcut-frontend") due to 1 previous error; 2 warnings emitted
warning: build failed, waiting for other jobs to finish...
warning: `flashcut-frontend` (lib) generated 1 warning (1 duplicate)
