    Blocking waiting for file lock on build directory
    Checking cfg-if v1.0.4
    Checking memchr v2.8.0
    Checking pin-project-lite v0.2.17
    Checking futures-core v0.3.32
   Compiling proc-macro2 v1.0.106
    Checking futures-sink v0.3.32
    Checking once_cell v1.21.4
    Checking serde_core v1.0.228
    Checking itoa v1.0.18
    Checking futures-task v0.3.32
    Checking futures-io v0.3.32
    Checking slab v0.4.12
    Checking futures-channel v0.3.32
   Compiling quote v1.0.45
    Checking smallvec v1.15.1
    Checking windows-link v0.2.1
   Compiling syn v2.0.117
    Checking bytes v1.11.1
    Checking stable_deref_trait v1.2.1
   Compiling wasm-bindgen-shared v0.2.118
    Checking log v0.4.29
    Checking unicode-ident v1.0.24
    Checking scopeguard v1.2.0
    Checking parking_lot_core v0.9.12
    Checking writeable v0.6.3
    Checking litemap v0.8.2
    Checking lock_api v0.4.14
    Checking tracing-core v0.1.36
    Checking percent-encoding v2.3.2
    Checking utf8_iter v1.0.4
    Checking http v1.4.0
    Checking windows-sys v0.61.2
    Checking icu_normalizer_data v2.2.0
    Checking icu_properties_data v2.2.0
    Checking zmij v1.0.21
    Checking form_urlencoded v1.2.2
   Compiling const_format_proc_macros v0.2.34
    Checking typenum v1.19.0
    Checking serde_json v1.0.149
    Checking equivalent v1.0.2
    Checking hashbrown v0.17.0
    Checking parking_lot v0.12.5
    Checking generic-array v0.14.7
    Checking mio v1.2.0
    Checking socket2 v0.6.3
   Compiling synstructure v0.13.2
   Compiling wasm-bindgen-macro-support v0.2.118
   Compiling unicode-segmentation v1.13.2
   Compiling proc-macro-error-attr v1.0.4
    Checking indexmap v2.14.0
   Compiling const_format v0.2.35
   Compiling proc-macro-utils v0.8.0
   Compiling proc-macro-utils v0.10.0
   Compiling convert_case v0.6.0
    Checking aho-corasick v1.1.4
    Checking getrandom v0.2.17
   Compiling serde_derive v1.0.228
   Compiling futures-macro v0.3.32
   Compiling thiserror-impl v1.0.69
   Compiling zerofrom-derive v0.1.7
   Compiling yoke-derive v0.8.2
   Compiling zerovec-derive v0.11.3
   Compiling displaydoc v0.2.5
   Compiling zerocopy-derive v0.8.48
    Checking futures-util v0.3.32
   Compiling wasm-bindgen-macro v0.2.118
   Compiling tracing-attributes v0.1.31
   Compiling tokio-macros v2.7.0
    Checking zerofrom v0.1.7
    Checking thiserror v1.0.69
    Checking yoke v0.8.2
   Compiling pin-project-internal v1.1.11
    Checking zerocopy v0.8.48
    Checking wasm-bindgen v0.2.118
    Checking zerovec v0.11.6
    Checking zerotrie v0.2.4
    Checking serde v1.0.228
    Checking tokio v1.52.0
    Checking futures-executor v0.3.32
    Checking tracing v0.1.44
   Compiling xxhash-rust v0.8.15
    Checking regex-syntax v0.8.10
    Checking tinystr v0.8.3
    Checking potential_utf v0.1.5
    Checking pin-project v1.1.11
    Checking futures v0.3.32
   Compiling server_fn_macro v0.6.15
    Checking js-sys v0.3.95
    Checking rand_core v0.6.4
    Checking icu_locale_core v2.2.0
    Checking icu_collections v2.2.0
   Compiling manyhow-macros v0.10.4
    Checking icu_provider v2.2.0
   Compiling quote-use-macros v0.8.4
    Checking icu_properties v2.2.0
    Checking icu_normalizer v2.2.0
    Checking regex-automata v0.4.14
   Compiling proc-macro-error v1.0.4
   Compiling winapi-util v0.1.11
    Checking half v2.7.1
    Checking ppv-lite86 v0.2.21
    Checking idna_adapter v1.2.1
    Checking httparse v1.10.1
    Checking idna v1.1.0
    Checking crypto-common v0.1.7
    Checking block-buffer v0.10.4
    Checking url v2.5.8
    Checking base64 v0.22.1
    Checking ciborium-io v0.2.2
    Checking hashbrown v0.14.5
   Compiling proc-macro2-diagnostics v0.10.1
    Checking digest v0.10.7
    Checking ciborium-ll v0.2.2
    Checking rand_chacha v0.3.1
   Compiling syn_derive v0.1.8
    Checking dashmap v5.5.3
   Compiling quote-use v0.8.4
   Compiling same-file v1.0.6
   Compiling manyhow v0.10.4
    Checking serde_spanned v0.6.9
    Checking toml_datetime v0.6.11
    Checking web-sys v0.3.95
    Checking wasm-bindgen-futures v0.4.68
    Checking serde-wasm-bindgen v0.6.5
    Checking http-body v1.0.1
    Checking toml_write v0.1.2
    Checking tower-service v0.3.3
    Checking lazy_static v1.5.0
    Checking winnow v0.7.15
    Checking cpufeatures v0.2.17
   Compiling attribute-derive-macro v0.9.2
    Checking sha1 v0.10.6
   Compiling rstml v0.11.2
   Compiling walkdir v2.5.0
    Checking toml_edit v0.22.27
    Checking rand v0.8.5
    Checking ciborium v0.2.2
    Checking slotmap v1.1.1
   Compiling server_fn_macro_default v0.6.15
    Checking oco_ref v0.1.1
    Checking serde_qs v0.12.0
   Compiling derive-where v1.6.1
   Compiling anyhow v1.0.102
   Compiling getrandom v0.4.2
   Compiling proc-macro-error-attr2 v2.0.0
    Checking send_wrapper v0.6.0
    Checking self_cell v1.2.2
   Compiling either v1.15.0
    Checking minimal-lexical v0.2.1
    Checking tower-layer v0.3.3
    Checking data-encoding v2.10.0
    Checking byteorder v1.5.0
   Compiling utf8-width v0.1.8
    Checking rustc-hash v1.1.0
    Checking utf-8 v0.7.6
   Compiling proc-macro-error2 v2.0.1
    Checking nom v7.1.3
   Compiling html-escape v0.2.13
    Checking gloo-utils v0.2.0
    Checking wasm-streams v0.4.2
    Checking leptos_reactive v0.6.15
   Compiling itertools v0.12.1
   Compiling uuid v1.23.1
    Checking gloo-net v0.6.0
   Compiling attribute-derive v0.9.2
   Compiling leptos_hot_reload v0.6.15
    Checking toml v0.8.23
   Compiling prettyplease v0.2.37
    Checking server_fn v0.6.15
   Compiling typed-builder-macro v0.18.2
    Checking pathdiff v0.2.3
    Checking httpdate v1.0.3
    Checking mime v0.3.17
   Compiling unicase v2.9.0
    Checking config v0.14.1
    Checking regex v1.12.3
    Checking http-body-util v0.1.3
   Compiling leptos_macro v0.6.15
   Compiling mime_guess v2.0.5
   Compiling async-recursion v1.1.1
    Checking drain_filter_polyfill v0.1.3
    Checking sync_wrapper v1.0.2
    Checking pad-adapter v0.1.1
    Checking inventory v0.3.24
    Checking atomic-waker v1.1.2
    Checking typed-builder v0.18.2
    Checking tungstenite v0.24.0
    Checking console_error_panic_hook v0.1.7
    Checking leptos_config v0.6.15
    Checking hyper v1.9.0
    Checking flashcut-shared v0.1.0 (H:\rust wasm video cutter\crates\shared)
   Compiling async-trait v0.1.89
    Checking ryu v1.0.23
    Checking leptos_dom v0.6.15
    Checking tokio-tungstenite v0.24.0
    Checking flashcut-core-wasm v0.1.0 (H:\rust wasm video cutter\crates\core-wasm)
    Checking serde_urlencoded v0.7.1
    Checking hyper-util v0.1.20
    Checking tower v0.5.3
    Checking tungstenite v0.21.0
    Checking matchers v0.2.0
    Checking sharded-slab v0.1.7
    Checking gloo-timers v0.3.0
    Checking tokio-util v0.7.18
    Checking axum-core v0.4.5
   Compiling axum-macros v0.4.2
    Checking nu-ansi-term v0.50.3
    Checking tracing-log v0.2.0
    Checking serde_path_to_error v0.1.20
    Checking thread_local v1.1.9
    Checking http-range-header v0.4.2
    Checking bitflags v2.11.1
    Checking matchit v0.7.3
    Checking tracing-subscriber v0.3.23
    Checking tower-http v0.5.2
    Checking tokio-tungstenite v0.21.0
    Checking tower v0.4.13
    Checking leptos_server v0.6.15
    Checking axum v0.7.9
    Checking leptos v0.6.15
    Checking flashcut-frontend v0.1.0 (H:\rust wasm video cutter\crates\frontend)
    Checking flashcut-backend v0.1.0 (H:\rust wasm video cutter\crates\backend)
    Finished `dev` profile [unoptimized + debuginfo] target(s) in 7m 08s
