   Compiling memchr v2.8.0
   Compiling cfg-if v1.0.4
   Compiling serde_core v1.0.228
   Compiling futures-core v0.3.32
   Compiling once_cell v1.21.4
   Compiling serde_derive v1.0.228
   Compiling pin-project-lite v0.2.17
   Compiling futures-sink v0.3.32
   Compiling futures-channel v0.3.32
   Compiling zerofrom-derive v0.1.7
   Compiling futures-macro v0.3.32
   Compiling futures-io v0.3.32
   Compiling slab v0.4.12
   Compiling unicode-ident v1.0.24
   Compiling futures-task v0.3.32
   Compiling wasm-bindgen-shared v0.2.118
   Compiling wasm-bindgen-macro v0.2.118
   Compiling yoke-derive v0.8.2
   Compiling stable_deref_trait v1.2.1
   Compiling zerovec-derive v0.11.3
   Compiling thiserror-impl v1.0.69
   Compiling displaydoc v0.2.5
   Compiling futures-util v0.3.32
   Compiling wasm-bindgen v0.2.118
   Compiling litemap v0.8.2
   Compiling writeable v0.6.3
   Compiling js-sys v0.3.95
   Compiling smallvec v1.15.1
   Compiling utf8_iter v1.0.4
   Compiling itoa v1.0.18
   Compiling serde_json v1.0.149
   Compiling zmij v1.0.21
   Compiling hashbrown v0.17.0
   Compiling equivalent v1.0.2
   Compiling icu_properties_data v2.2.0
   Compiling indexmap v2.14.0
   Compiling icu_normalizer_data v2.2.0
   Compiling zerofrom v0.1.7
   Compiling web-sys v0.3.95
   Compiling yoke v0.8.2
   Compiling thiserror v1.0.69
   Compiling wasm-bindgen-futures v0.4.68
   Compiling serde v1.0.228
   Compiling zerovec v0.11.6
   Compiling zerotrie v0.2.4
   Compiling zerocopy-derive v0.8.48
   Compiling pin-project-internal v1.1.11
   Compiling tinystr v0.8.3
   Compiling icu_locale_core v2.2.0
   Compiling potential_utf v0.1.5
   Compiling tracing-attributes v0.1.31
   Compiling percent-encoding v2.3.2
   Compiling icu_collections v2.2.0
   Compiling icu_provider v2.2.0
   Compiling icu_properties v2.2.0
   Compiling icu_normalizer v2.2.0
   Compiling quote-use-macros v0.8.4
   Compiling futures-executor v0.3.32
   Compiling idna_adapter v1.2.1
   Compiling ciborium-io v0.2.2
   Compiling scopeguard v1.2.0
   Compiling bytes v1.11.1
   Compiling lock_api v0.4.14
   Compiling gloo-utils v0.2.0
   Compiling http v1.4.0
   Compiling idna v1.1.0
   Compiling futures v0.3.32
   Compiling parking_lot_core v0.9.12
   Compiling syn_derive v0.1.8
   Compiling form_urlencoded v1.2.2
   Compiling serde_spanned v0.6.9
   Compiling toml_datetime v0.6.11
   Compiling serde-wasm-bindgen v0.6.5
   Compiling pin-project v1.1.11
   Compiling quote-use v0.8.4
   Compiling tracing-core v0.1.36
   Compiling hashbrown v0.14.5
   Compiling toml_write v0.1.2
   Compiling winnow v0.7.15
   Compiling attribute-derive-macro v0.9.2
   Compiling dashmap v5.5.3
   Compiling gloo-net v0.6.0
   Compiling zerocopy v0.8.48
   Compiling toml_edit v0.22.27
   Compiling url v2.5.8
   Compiling wasm-streams v0.4.2
   Compiling tracing v0.1.44
   Compiling slotmap v1.1.1
   Compiling server_fn_macro_default v0.6.15
   Compiling rstml v0.11.2
   Compiling serde_qs v0.12.0
   Compiling oco_ref v0.1.1
   Compiling half v2.7.1
   Compiling ciborium-ll v0.2.2
   Compiling const_format v0.2.35
   Compiling aho-corasick v1.1.4
   Compiling ciborium v0.2.2
   Compiling send_wrapper v0.6.0
   Compiling derive-where v1.6.1
   Compiling rustc-hash v1.1.0
   Compiling self_cell v1.2.2
   Compiling xxhash-rust v0.8.15
   Compiling unicode-segmentation v1.13.2
   Compiling regex-syntax v0.8.10
   Compiling minimal-lexical v0.2.1
   Compiling base64 v0.22.1
   Compiling regex-automata v0.4.14
   Compiling leptos_reactive v0.6.15
   Compiling nom v7.1.3
