2026-04-16T21:10:21.808478Z  INFO Starting trunk 0.21.14
2026-04-16T21:10:21.817925Z  WARN The field `address` in the configuration is deprecated and will be removed in a future version. Migrate to the `addresses` field, which allows adding more than one.    
2026-04-16T21:10:21.818864Z  INFO starting build
   Compiling proc-macro2 v1.0.106
   Compiling memchr v2.8.0
   Compiling serde_core v1.0.228
   Compiling serde v1.0.228
   Compiling futures-core v0.3.32
   Compiling version_check v0.9.5
   Compiling once_cell v1.21.4
   Compiling futures-sink v0.3.32
   Compiling futures-channel v0.3.32
   Compiling wasm-bindgen v0.2.118
   Compiling futures-io v0.3.32
   Compiling stable_deref_trait v1.2.1
   Compiling smallvec v1.15.1
   Compiling parking_lot_core v0.9.12
   Compiling writeable v0.6.3
   Compiling litemap v0.8.2
   Compiling icu_normalizer_data v2.2.0
   Compiling utf8_iter v1.0.4
   Compiling windows-link v0.2.1
   Compiling unicode-xid v0.2.6
   Compiling icu_properties_data v2.2.0
   Compiling proc-macro-error-attr v1.0.4
   Compiling zerocopy v0.8.48
   Compiling quote v1.0.45
   Compiling equivalent v1.0.2
   Compiling syn v2.0.117
   Compiling hashbrown v0.17.0
   Compiling proc-macro-error v1.0.4
   Compiling cfg-if v1.0.4
   Compiling unicode-segmentation v1.13.2
   Compiling proc-macro-utils v0.10.0
   Compiling const_format_proc_macros v0.2.34
   Compiling indexmap v2.14.0
   Compiling proc-macro-utils v0.8.0
   Compiling convert_case v0.6.0
   Compiling windows-sys v0.61.2
   Compiling proc-macro2-diagnostics v0.10.1
   Compiling xxhash-rust v0.8.15
   Compiling percent-encoding v2.3.2
   Compiling serde_json v1.0.149
   Compiling const_format v0.2.35
   Compiling manyhow-macros v0.10.4
   Compiling winapi-util v0.1.11
   Compiling thiserror v1.0.69
   Compiling slotmap v1.1.1
   Compiling scopeguard v1.2.0
   Compiling bytes v1.11.1
   Compiling yansi v1.0.1
   Compiling anyhow v1.0.102
   Compiling ciborium-io v0.2.2
   Compiling synstructure v0.13.2
   Compiling wasm-bindgen-macro-support v0.2.118
   Compiling server_fn_macro v0.6.15
   Compiling camino v1.2.2
   Compiling paste v1.0.15
   Compiling getrandom v0.4.2
   Compiling lock_api v0.4.14
   Compiling http v1.4.0
   Compiling manyhow v0.10.4
   Compiling same-file v1.0.6
   Compiling form_urlencoded v1.2.2
   Compiling tracing-core v0.1.36
   Compiling prettyplease v0.2.37
   Compiling collection_literals v1.0.3
   Compiling hashbrown v0.14.5
   Compiling interpolator v0.5.0
   Compiling serde_derive v1.0.228
   Compiling zerofrom-derive v0.1.7
   Compiling futures-macro v0.3.32
   Compiling yoke-derive v0.8.2
   Compiling zerovec-derive v0.11.3
   Compiling futures-util v0.3.32
   Compiling thiserror-impl v1.0.69
   Compiling displaydoc v0.2.5
   Compiling wasm-bindgen-macro v0.2.118
   Compiling zerocopy-derive v0.8.48
   Compiling zerofrom v0.1.7
   Compiling yoke v0.8.2
   Compiling tracing-attributes v0.1.31
   Compiling zerovec v0.11.6
   Compiling zerotrie v0.2.4
   Compiling pin-project-internal v1.1.11
   Compiling quote-use-macros v0.8.4
   Compiling tinystr v0.8.3
   Compiling potential_utf v0.1.5
   Compiling icu_collections v2.2.0
   Compiling icu_locale_core v2.2.0
   Compiling js-sys v0.3.95
   Compiling futures-executor v0.3.32
   Compiling quote-use v0.8.4
   Compiling futures v0.3.32
   Compiling toml_datetime v0.6.11
   Compiling serde_spanned v0.6.9
   Compiling syn_derive v0.1.8
   Compiling icu_provider v2.2.0
   Compiling pin-project v1.1.11
   Compiling winnow v0.7.15
   Compiling toml_write v0.1.2
   Compiling attribute-derive-macro v0.9.2
   Compiling icu_properties v2.2.0
   Compiling icu_normalizer v2.2.0
   Compiling rstml v0.11.2
   Compiling idna_adapter v1.2.1
   Compiling toml_edit v0.22.27
   Compiling tracing v0.1.44
   Compiling idna v1.1.0
   Compiling serde_qs v0.12.0
   Compiling oco_ref v0.1.1
   Compiling url v2.5.8
   Compiling dashmap v5.5.3
   Compiling derive-where v1.6.1
   Compiling server_fn_macro_default v0.6.15
   Compiling parking_lot v0.12.5
   Compiling half v2.7.1
   Compiling walkdir v2.5.0
   Compiling ciborium-ll v0.2.2
   Compiling ciborium v0.2.2
   Compiling proc-macro-error-attr2 v2.0.0
   Compiling web-sys v0.3.95
   Compiling wasm-bindgen-futures v0.4.68
   Compiling serde-wasm-bindgen v0.6.5
   Compiling aho-corasick v1.1.4
   Compiling send_wrapper v0.6.0
   Compiling either v1.15.0
   Compiling base64 v0.22.1
   Compiling rustc-hash v1.1.0
   Compiling pin-project-lite v0.2.17
   Compiling self_cell v1.2.2
   Compiling utf8-width v0.1.8
   Compiling regex-syntax v0.8.10
   Compiling minimal-lexical v0.2.1
   Compiling html-escape v0.2.13
   Compiling nom v7.1.3
   Compiling itertools v0.12.1
   Compiling proc-macro-error2 v2.0.1
   Compiling regex-automata v0.4.14
   Compiling leptos_hot_reload v0.6.15
   Compiling uuid v1.23.1
   Compiling attribute-derive v0.9.2
   Compiling toml v0.8.23
   Compiling typed-builder-macro v0.18.2
   Compiling pathdiff v0.2.3
   Compiling config v0.14.1
   Compiling regex v1.12.3
   Compiling leptos_macro v0.6.15
   Compiling typed-builder v0.18.2
   Compiling getrandom v0.2.17
   Compiling async-recursion v1.1.1
   Compiling inventory v0.3.24
   Compiling drain_filter_polyfill v0.1.3
   Compiling pad-adapter v0.1.1
   Compiling lazy_static v1.5.0
   Compiling leptos_config v0.6.15
   Compiling console_error_panic_hook v0.1.7
   Compiling gloo-timers v0.3.0
   Compiling flashcut-shared v0.1.0 (H:\rust wasm video cutter\crates\shared)
   Compiling gloo-utils v0.2.0
   Compiling leptos_reactive v0.6.15
   Compiling gloo-net v0.6.0
   Compiling wasm-streams v0.4.2
   Compiling flashcut-core-wasm v0.1.0 (H:\rust wasm video cutter\crates\core-wasm)
   Compiling server_fn v0.6.15
   Compiling leptos_server v0.6.15
   Compiling leptos_dom v0.6.15
   Compiling leptos v0.6.15
   Compiling flashcut-frontend v0.1.0 (H:\rust wasm video cutter\crates\frontend)
    Finished `release` profile [optimized] target(s) in 3m 59s
2026-04-16T21:14:24.008746Z  INFO downloading wasm-opt version="version_123"
2026-04-16T21:16:38.184794Z  INFO installing wasm-opt
2026-04-16T21:16:44.046142Z  INFO applying new distribution
2026-04-16T21:16:44.060828Z  INFO success
